#-----------------------------------------------------------
# Vivado v2023.2 (64-bit)
# SW Build 4029153 on Fri Oct 13 20:14:34 MDT 2023
# IP Build 4028589 on Sat Oct 14 00:45:43 MDT 2023
# SharedData Build 4025554 on Tue Oct 10 17:18:54 MDT 2023
# Start of session at: Tue Sep 30 17:41:11 2025
# Process ID: 4056
# Current directory: D:/WIB_QC/DUNE_WIB_QC_Script
# Command line: vivado.exe -mode batch -source ./file/eyeScan.tcl
# Log file: D:/WIB_QC/DUNE_WIB_QC_Script/vivado.log
# Journal file: D:/WIB_QC/DUNE_WIB_QC_Script\vivado.jou
# Running On: WPO-153452, OS: Windows, CPU Frequency: 3392 MHz, CPU Physical cores: 4, Host memory: 12792 MB
#-----------------------------------------------------------
source ./file/eyeScan.tcl
# open_hw_manager
open_hw_manager: Time (s): cpu = 00:00:08 ; elapsed = 00:00:08 . Memory (MB): peak = 478.742 ; gain = 180.469
# connect_hw_server
INFO: [Labtools 27-2285] Connecting to hw_server url TCP:localhost:3121
INFO: [Labtools 27-3415] Connecting to cs_server url TCP:localhost:0
INFO: [Labtools 27-3417] Launching cs_server...
INFO: [Labtools 27-2221] Launch Output:
ECHO is off.
ECHO is off.


******** Xilinx cs_server v2023.2.0
  ****** Build date   : Oct 09 2023-23:01:56
    **** Build number : 2023.2.1696910516
      ** Copyright 2017-2022 Xilinx, Inc. All Rights Reserved.
      ** Copyright 2022-2025 Advanced Micro Devices, Inc. All Rights Reserved.



connect_hw_server: Time (s): cpu = 00:00:00 ; elapsed = 00:00:07 . Memory (MB): peak = 482.734 ; gain = 3.992
# open_hw
WARNING: 'open_hw' is deprecated, please use 'open_hw_manager' instead.
# open_hw_target
INFO: [Labtoolstcl 44-466] Opening hw_target localhost:3121/xilinx_tcf/Digilent/210249A74687
# set device [lindex [get_hw_devices] 0]
# refresh_hw_device $device
INFO: [Labtools 27-2302] Device xczu6 (JTAG device index = 0) is programmed with a design that has 1 IBERT core(s).
# refresh_hw_device [lindex [get_hw_devices] 0]
INFO: [Labtools 27-2302] Device xczu6 (JTAG device index = 0) is programmed with a design that has 1 IBERT core(s).
# set tx0 [lindex [get_hw_sio_txs] 0]
# set rx0 [lindex [get_hw_sio_rxs] 0]
# set link0 [create_hw_sio_link $tx0 $rx0]
# set_property DESCRIPTION {Link 0} [get_hw_sio_links $link0]
# set_property LOOPBACK "None" $link0
# commit_hw_sio $link0
# set scan0 [create_hw_sio_scan -description {Scan 0} 2d_full_eye [get_hw_sio_rxs -of $link0]]
# run_hw_sio_scan [get_hw_sio_scans $scan0]
# after 10000
# write_hw_sio_scan -force "D:/scan00.csv" [get_hw_sio_scans {SCAN_0}]
# refresh_hw_device [lindex [get_hw_devices] 1]
# set tx1 [lindex [get_hw_sio_txs] 1]
# set rx1 [lindex [get_hw_sio_rxs] 1]
# set link1 [create_hw_sio_link $tx1 $rx1]
# set_property DESCRIPTION {Link 1} [get_hw_sio_links $link1]
# set_property LOOPBACK "None" $link1
# commit_hw_sio $link1
# set scan1 [create_hw_sio_scan -description {Scan 1} 2d_full_eye [get_hw_sio_rxs -of $link1]]
# run_hw_sio_scan [get_hw_sio_scans $scan1]
# after 10000
# write_hw_sio_scan -force "D:/scan01.csv" [get_hw_sio_scans {SCAN_0}]
INFO: [Common 17-206] Exiting Vivado at Tue Sep 30 17:41:57 2025...
