#-----------------------------------------------------------
# Vivado v2023.2 (64-bit)
# SW Build 4029153 on Fri Oct 13 20:14:34 MDT 2023
# IP Build 4028589 on Sat Oct 14 00:45:43 MDT 2023
# SharedData Build 4025554 on Tue Oct 10 17:18:54 MDT 2023
# Start of session at: Mon Nov  3 12:44:57 2025
# Process ID: 16124
# Current directory: D:/WIB_QC/DUNE_WIB_QC_Script
# Command line: vivado.exe -mode batch -source ./file/Test07_vivado_tcl_command.tcl
# Log file: D:/WIB_QC/DUNE_WIB_QC_Script/vivado.log
# Journal file: D:/WIB_QC/DUNE_WIB_QC_Script\vivado.jou
# Running On: WPO-153452, OS: Windows, CPU Frequency: 3392 MHz, CPU Physical cores: 4, Host memory: 12792 MB
#-----------------------------------------------------------
source ./file/Test07_vivado_tcl_command.tcl
# open_hw_manager
open_hw_manager: Time (s): cpu = 00:00:08 ; elapsed = 00:00:09 . Memory (MB): peak = 478.227 ; gain = 179.965
# connect_hw_server
INFO: [Labtools 27-2285] Connecting to hw_server url TCP:localhost:3121
INFO: [Labtools 27-2222] Launching hw_server...
INFO: [Labtools 27-2221] Launch Output:
ECHO is off.
ECHO is off.

****** Xilinx hw_server v2023.2
  **** Build date : Oct 13 2023 at 21:31:40
    ** Copyright 1986-2022 Xilinx, Inc. All Rights Reserved.


INFO: [Labtools 27-3415] Connecting to cs_server url TCP:localhost:0
INFO: [Labtools 27-3417] Launching cs_server...
INFO: [Labtools 27-2221] Launch Output:
ECHO is off.
ECHO is off.


******** Xilinx cs_server v2023.2.0
  ****** Build date   : Oct 09 2023-23:01:56
    **** Build number : 2023.2.1696910516
      ** Copyright 2017-2022 Xilinx, Inc. All Rights Reserved.
      ** Copyright 2022-2025 Advanced Micro Devices, Inc. All Rights Reserved.



connect_hw_server: Time (s): cpu = 00:00:00 ; elapsed = 00:00:10 . Memory (MB): peak = 481.168 ; gain = 2.941
# open_hw_target
INFO: [Labtoolstcl 44-466] Opening hw_target localhost:3121/xilinx_tcf/Digilent/210249A74687
# set device [lindex [get_hw_devices] 0]
# set_property PROGRAM.FILE "D:/WIB_QC/DUNE_WIB_QC_Script/file/example_ibert_ultrascale_gth_0.bit" $device
# program_hw_devices $device
INFO: [Labtools 27-3164] End of startup status: HIGH
program_hw_devices: Time (s): cpu = 00:00:22 ; elapsed = 00:00:22 . Memory (MB): peak = 483.445 ; gain = 0.000
# set_property PROBES.FILE "D:/WIB_QC/DUNE_WIB_QC_Script/file/example_ibert_ultrascale_gth_0.ltx" $device
# refresh_hw_device $device
INFO: [Labtools 27-2302] Device xczu6 (JTAG device index = 0) is programmed with a design that has 1 IBERT core(s).
# detect_hw_sio_links
INFO: [Labtools 27-2267] Found 2 links.
# set iberts [get_hw_sio_iberts]
# if {[llength $iberts] == 0} {
#     puts "No IBERT cores detected. Exiting."
#     exit
# }
# set ibert [lindex $iberts 0]
# open_hw_target [get_hw_targets *]
INFO: [Labtoolstcl 44-466] Opening hw_target localhost:3121/xilinx_tcf/Digilent/210249A74687
# set rx_channels [get_hw_sio_rxs -of_objects $ibert]
# set rx_channels [get_hw_sio_rxs -of_objects $ibert]
# if {[llength $rx_channels] == 0} {
#     puts "No RX channels detected. Exiting."
#     close_hw
#     exit
# }
# puts "IBERT RX Channel BER Report:"
IBERT RX Channel BER Report:
# puts "--------------------------------------"
--------------------------------------
# foreach rx $rx_channels {
#     # Get Bit Error Rate (BER)
#     set ber [get_property RX_BER $rx]
# 
#     # Get Total Received Bit Count
#     set bit_count [get_property RX_RECEIVED_BIT_COUNT $rx]
# 
#     # Get Bit Error Count (LOGIC.ERRBIT_COUNT)
#     set error_count [get_property LOGIC.ERRBIT_COUNT $rx]
# 
#     # Print results
#     #Bit Error Rate (BER) second BER
#     #Bit Errors second BEN
#     #Total Received Bits second TCB
#     puts "RX Channel First: $rx"
#     puts "  BER: $ber"
#     puts "  ERROR_count: $error_count"
#     puts "  BIT_count: $bit_count"
#     puts "--------------------------------------"
# }
RX Channel First: localhost:3121/xilinx_tcf/Digilent/210249A74687/0_1_0_0/IBERT/Quad_128/MGT_X0Y4/RX
  BER: 3.4101631244426069e-08
  ERROR_count: 000000000060
  BIT_count: 2815114600
--------------------------------------
RX Channel First: localhost:3121/xilinx_tcf/Digilent/210249A74687/0_1_0_0/IBERT/Quad_128/MGT_X0Y5/RX
  BER: 1.9834565836725624e-08
  ERROR_count: 000000000048
  BIT_count: 3630026520
--------------------------------------
RX Channel First: localhost:3121/xilinx_tcf/Digilent/210249A74687/0_1_0_0/IBERT/Quad_128/MGT_X0Y6/RX
  BER: 0.5997476397506718
  ERROR_count: 00009E9254B0
  BIT_count: 4435849160
--------------------------------------
RX Channel First: localhost:3121/xilinx_tcf/Digilent/210249A74687/0_1_0_0/IBERT/Quad_128/MGT_X0Y7/RX
  BER: 0.57493946515858352
  ERROR_count: 0000B4E12907
  BIT_count: 5278216520
--------------------------------------
# Close the connection
invalid command name "Close"
    while executing
"Close the connection"
    (file "./file/Test07_vivado_tcl_command.tcl" line 71)
INFO: [Common 17-206] Exiting Vivado at Mon Nov  3 12:45:52 2025...
